******************************************************************************
                  TI ARM Linker PC v18.12.1                    
******************************************************************************
>> Linked Wed May  8 11:14:42 2019

OUTPUT FILE NAME:   <pwmled_EK_TM4C1294XL_TI.out>
ENTRY POINT SYMBOL: "_c_int00"  address: 00003549


MEMORY CONFIGURATION

         name            origin    length      used     unused   attr    fill
----------------------  --------  ---------  --------  --------  ----  --------
  FLASH                 00000000   00100000  000073f4  000f8c0c  R  X
  SRAM                  20000000   00040000  0000188e  0003e772  RW X


SEGMENT ALLOCATION MAP

run origin  load origin   length   init length attrs members
----------  ----------- ---------- ----------- ----- -------
00000000    00000000    00007400   00007400    r-x
  00000000    00000000    0000003c   0000003c    r-- .resetVecs
  00000040    00000040    000050ea   000050ea    r-x .text
  0000512c    0000512c    000020be   000020be    r-- .const
  000071f0    000071f0    00000210   00000210    r-- .cinit
20000000    20000000    00001890   00000000    rw-
  20000000    20000000    00000360   00000000    rw- .vecs
  20000360    20000360    00000df8   00000000    rw- .bss
  20001158    20001158    00000436   00000000    rw- .data
  20001590    20001590    00000300   00000000    rw- .stack


SECTION ALLOCATION MAP

 output                                  attributes/
section   page    origin      length       input sections
--------  ----  ----------  ----------   ----------------
.text      0    00000040    000050ea     
                  00000040    00000430     sysbios.aem4f : BIOS.obj (.text:ti_sysbios_family_arm_m3_Hwi_excDumpRegs__I)
                  00000470    0000034c     ti.targets.arm.rtsarm.aem4f : System.oem4f (.text:xdc_runtime_System_doPrint__I)
                  000007bc    00000204     Boot.aem4f : Boot_sysctl.oem4f (.text:ti_catalog_arm_cortexm4_tiva_ce_Boot_sysCtlClockFreqSetI__I)
                  000009c0    000001fc     sysbios.aem4f : BIOS.obj (.text:ti_sysbios_family_arm_m3_Hwi_excHandlerMax__I)
                  00000bbc    00000004     rtsv7M4_T_le_v4SPD16_eabi.lib : exit.c.obj (.text:abort:abort)
                  00000bc0    00000174     sysbios.aem4f : BIOS.obj (.text:ti_sysbios_family_arm_m3_Hwi_excBusFault__I)
                  00000d34    00000170     drivers_tivaware.aem4f : PWMTiva.oem4f (.text:PWMTiva_open)
                  00000ea4    00000004     pwmled_pem4f.oem4f (.text:ti_sysbios_BIOS_RtsGateProxy_enter__E)
                  00000ea8    00000164     sysbios.aem4f : BIOS.obj (.text:ti_sysbios_family_arm_m3_Hwi_excUsageFault__I)
                  0000100c    00000004     pwmled_pem4f.oem4f (.text:ti_sysbios_BIOS_RtsGateProxy_leave__E)
                  00001010    00000154     sysbios.aem4f : BIOS.obj (.text:ti_sysbios_knl_Semaphore_pend__E)
                  00001164    00000150     drivers_tivaware.aem4f : GPIOTiva.oem4f (.text:GPIO_setConfig)
                  000012b4    00000004     sysbios.aem4f : BIOS.obj (.text:ti_sysbios_family_arm_lm4_Timer_masterEnable__I)
                  000012b8    00000148                   : BIOS.obj (.text:ti_sysbios_family_arm_m3_Hwi_excMemFault__I)
                  00001400    00000130     driverlib.lib : gpio.obj (.text:GPIOPadConfigSet)
                  00001530    00000118     ti.targets.arm.rtsarm.aem4f : Error.oem4f (.text:xdc_runtime_Error_policyDefault__E)
                  00001648    00000108     sysbios.aem4f : BIOS.obj (.text:ti_sysbios_family_arm_lm4_Timer_start__E)
                  00001750    00000100     ti.targets.arm.rtsarm.aem4f : Core-mem.oem4f (.text:xdc_runtime_Core_createObject__I)
                  00001850    000000f8                                 : Startup.oem4f (.text:xdc_runtime_Startup_startMods__I)
                  00001948    000000f8     pwmled_pem4f.oem4f (.text:xdc_runtime_System_printfExtend__I)
                  00001a40    000000f4     sysbios.aem4f : m3_Hwi_asm.obj (.text:ti_sysbios_family_arm_m3_Hwi_dispatch__I)
                  00001b34    000000f0     drivers_tivaware.aem4f : PWMTiva.oem4f (.text:PWMTiva_setDuty)
                  00001c24    00000004     pwmled_pem4f.oem4f (.text:ti_sysbios_family_arm_m3_TaskSupport_Module__startupDone__S)
                  00001c28    000000dc     sysbios.aem4f : BIOS.obj (.text:ti_sysbios_knl_Task_sleep__E)
                  00001d04    000000d4     pwmled.obj (.text:main)
                  00001dd8    000000d4     sysbios.aem4f : BIOS.obj (.text:ti_sysbios_heaps_HeapMem_alloc__E)
                  00001eac    00000004     pwmled_pem4f.oem4f (.text:ti_sysbios_heaps_HeapMem_Module_GateProxy_enter__E)
                  00001eb0    000000cc     sysbios.aem4f : BIOS.obj (.text:ti_sysbios_knl_Task_Instance_init__E)
                  00001f7c    000000cc     ti.targets.arm.rtsarm.aem4f : Core-smem.oem4f (.text:xdc_runtime_Core_constructObject__I)
                  00002048    000000bc     sysbios.aem4f : BIOS.obj (.text:ti_sysbios_family_arm_m3_Hwi_excDebugMon__I)
                  00002104    00000004     pwmled_pem4f.oem4f (.text:ti_sysbios_heaps_HeapMem_Module_GateProxy_leave__E)
                  00002108    000000bc     sysbios.aem4f : BIOS.obj (.text:ti_sysbios_family_arm_m3_Hwi_excHardFault__I)
                  000021c4    00000004     pwmled_pem4f.oem4f (.text:ti_sysbios_knl_Clock_TimerProxy_getMaxTicks__E)
                  000021c8    000000bc     sysbios.aem4f : BIOS.obj (.text:ti_sysbios_knl_Task_Instance_finalize__E)
                  00002284    000000b8     EK_TM4C1294XL.obj (.text:EK_TM4C1294XL_initGeneral)
                  0000233c    00000004     pwmled_pem4f.oem4f (.text:ti_sysbios_knl_Queue_destruct)
                  00002340    000000b4     sysbios.aem4f : BIOS.obj (.text:ti_sysbios_knl_Task_checkStacks__E)
                  000023f4    00000004     pwmled_pem4f.oem4f (.text:ti_sysbios_knl_Semaphore_destruct)
                  000023f8    000000ac     sysbios.aem4f : BIOS.obj (.text:ti_sysbios_family_arm_lm4_Timer_enableTiva__I)
                  000024a4    000000a8     pwmled.obj (.text:pwmLEDFxn)
                  0000254c    000000a0     auto_init.aem4f : auto_init.oem4f (.text)
                  000025ec    000000a0     ti.targets.arm.rtsarm.aem4f : Text.oem4f (.text:xdc_runtime_Text_putMod__E)
                  0000268c    0000009c     rtsv7M4_T_le_v4SPD16_eabi.lib : memcpy_t2.asm.obj (.text)
                  00002728    0000009a     ti.targets.arm.rtsarm.aem4f : Text.oem4f (.text:xdc_runtime_Text_putSite__E)
                  000027c2    00000002     rtsv7M4_T_le_v4SPD16_eabi.lib : _lock.c.obj (.text:_nop)
                  000027c4    00000098     Boot.aem4f : Boot.oem4f (.text:ti_catalog_arm_cortexm4_tiva_ce_Boot_sysCtlClockFreqSet__E)
                  0000285c    00000004     ti.targets.arm.rtsarm.aem4f : Error.oem4f (.text:xdc_runtime_Error_getSite__E)
                  00002860    00000094     sysbios.aem4f : BIOS.obj (.text:ti_sysbios_family_arm_m3_Hwi_Instance_init__E)
                  000028f4    00000004     pwmled_pem4f.oem4f (.text:xdc_runtime_System_Module_GateProxy_enter__E)
                  000028f8    00000094     sysbios.aem4f : BIOS.obj (.text:ti_sysbios_family_arm_m3_Hwi_initNVIC__E)
                  0000298c    00000004     pwmled_pem4f.oem4f (.text:xdc_runtime_System_Module_GateProxy_leave__E)
                  00002990    00000094     sysbios.aem4f : BIOS.obj (.text:ti_sysbios_knl_Task_postInit__I)
                  00002a24    0000008c     drivers_tivaware.aem4f : GPIOTiva.oem4f (.text:GPIO_init)
                  00002ab0    0000008c     sysbios.aem4f : m3_TaskSupport_asm.obj (.text:ti_sysbios_family_arm_m3_TaskSupport_buildTaskStack)
                  00002b3c    00000088     drivers_tivaware.aem4f : PWMTiva.oem4f (.text:PWMTiva_control)
                  00002bc4    00000004     ti.targets.arm.rtsarm.aem4f : System.oem4f (.text:xdc_runtime_System_aprintf_va__F)
                  00002bc8    00000084     sysbios.aem4f : BIOS.obj (.text:ti_sysbios_family_arm_m3_Hwi_postInit__I)
                  00002c4c    00000004     ti.targets.arm.rtsarm.aem4f : System.oem4f (.text:xdc_runtime_System_printf_va__F)
                  00002c50    0000007c     sysbios.aem4f : BIOS.obj (.text:ti_sysbios_heaps_HeapMem_free__E)
                  00002ccc    0000007a     rtsv7M4_T_le_v4SPD16_eabi.lib : memset_t2.asm.obj (.text)
                  00002d46    00000002                                   : div0.asm.obj (.text)
                  00002d48    00000070     sysbios.aem4f : BIOS.obj (.text:ti_sysbios_knl_Clock_workFunc__E)
                  00002db8    00000070                   : BIOS.obj (.text:ti_sysbios_knl_Task_exit__E)
                  00002e28    0000006d     ti.targets.arm.rtsarm.aem4f : System.oem4f (.text:xdc_runtime_System_formatNum__I)
                  00002e95    00000001     --HOLE-- [fill = 0]
                  00002e96    00000002     pwmled_pem4f.oem4f (.text:ti_sysbios_BIOS_nullFunc__I)
                  00002e98    0000006c     sysbios.aem4f : BIOS.obj (.text:ti_sysbios_knl_Swi_restoreHwi__E)
                  00002f04    0000006c     ti.targets.arm.rtsarm.aem4f : Error.oem4f (.text:xdc_runtime_Error_print__E)
                  00002f70    0000006c                                 : Memory.oem4f (.text:xdc_runtime_Memory_alloc__E)
                  00002fdc    0000006a     drivers_tivaware.aem4f : PWMTiva.oem4f (.text:PWMTiva_close)
                  00003046    00000068     rtsv7M4_T_le_v4SPD16_eabi.lib : copy_decompress_lzss.c.obj (.text:decompress:lzss:__TI_decompress_lzss)
                  000030ae    00000066     ti.targets.arm.rtsarm.aem4f : Core-mem.oem4f (.text:xdc_runtime_Core_deleteObject__I)
                  00003114    00000064     drivers_tivaware.aem4f : GPIOTiva.oem4f (.text:GPIO_hwiIntFxn)
                  00003178    00000064     sysbios.aem4f : BIOS.obj (.text:ti_sysbios_family_arm_lm4_Timer_Module_startup__E)
                  000031dc    00000064     pwmled_pem4f.oem4f (.text:ti_sysbios_family_arm_m3_Hwi_create)
                  00003240    00000064     sysbios.aem4f : BIOS.obj (.text:ti_sysbios_family_arm_m3_Hwi_dispatchC__I)
                  000032a4    00000002     pwmled_pem4f.oem4f (.text:xdc_runtime_Startup_reset__I)
                  000032a6    00000002     --HOLE-- [fill = 0]
                  000032a8    00000064     sysbios.aem4f : BIOS.obj (.text:ti_sysbios_knl_Semaphore_post__E)
                  0000330c    00000004     --HOLE-- [fill = 0]
                  00003310    00000060                   : BIOS.obj (.text:ti_sysbios_knl_Task_schedule__I)
                  00003370    0000005c                   : BIOS.obj (.text:ti_sysbios_knl_Swi_run__I)
                  000033cc    00000004     --HOLE-- [fill = 0]
                  000033d0    0000005c                   : BIOS.obj (.text:ti_sysbios_knl_Swi_schedule__I)
                  0000342c    00000004     --HOLE-- [fill = 0]
                  00003430    0000005c                   : BIOS.obj (.text:ti_sysbios_knl_Task_Module_startup__E)
                  0000348c    00000004     --HOLE-- [fill = 0]
                  00003490    0000005c                   : BIOS.obj (.text:ti_sysbios_knl_Task_startCore__E)
                  000034ec    0000005b     ti.targets.arm.rtsarm.aem4f : Text.oem4f (.text:xdc_runtime_Text_putLab__E)
                  00003547    00000001     --HOLE-- [fill = 0]
                  00003548    00000058     boot.aem4f : boot.oem4f (.text)
                  000035a0    00000058     rtsv7M4_T_le_v4SPD16_eabi.lib : hostwrite.c.obj (.text:HOSTwrite)
                  000035f8    00000058     sysbios.aem4f : m3_Hwi_asm_switch.obj (.text:ti_sysbios_family_arm_m3_Hwi_initStacks__E)
                  00003650    00000056     driverlib.lib : gpio.obj (.text:GPIOIntTypeSet)
                  000036a6    00000002     --HOLE-- [fill = 0]
                  000036a8    00000054     sysbios.aem4f : BIOS.obj (.text:ti_sysbios_family_arm_lm4_Timer_initDevice__I)
                  000036fc    00000054     pwmled_pem4f.oem4f (.text:ti_sysbios_knl_Task_construct)
                  00003750    00000054     ti.targets.arm.rtsarm.aem4f : Assert.oem4f (.text:xdc_runtime_Assert_raise__I)
                  000037a4    00000050     drivers_tivaware.aem4f : GPIOTiva.oem4f (.text:GPIO_setCallback)
                  000037f4    00000050                            : GPIOTiva.oem4f (.text:GPIO_write)
                  00003844    00000050     Boot.aem4f : Boot_sysctl.oem4f (.text:_SysCtlFrequencyGet)
                  00003894    00000004     --HOLE-- [fill = 0]
                  00003898    00000050     sysbios.aem4f : BIOS.obj (.text:ti_sysbios_family_arm_m3_Hwi_Module_startup__E)
                  000038e8    00000050     ti.targets.arm.rtsarm.aem4f : Startup.oem4f (.text:xdc_runtime_Startup_exec__E)
                  00003938    00000050                                 : Text.oem4f (.text:xdc_runtime_Text_visitRope2__I)
                  00003988    0000004c     rtsv7M4_T_le_v4SPD16_eabi.lib : cpy_tbl.c.obj (.text:copy_in)
                  000039d4    00000004     --HOLE-- [fill = 0]
                  000039d8    0000004c     sysbios.aem4f : BIOS.obj (.text:ti_sysbios_heaps_HeapMem_getStats__E)
                  00003a24    00000004     --HOLE-- [fill = 0]
                  00003a28    0000004c                   : BIOS.obj (.text:ti_sysbios_knl_Swi_runLoop__I)
                  00003a74    00000004     --HOLE-- [fill = 0]
                  00003a78    0000004c                   : BIOS.obj (.text:ti_sysbios_knl_Task_allBlockedFunction__I)
                  00003ac4    00000048     driverlib.lib : gpio.obj (.text:GPIOPinConfigure)
                  00003b0c    00000004     --HOLE-- [fill = 0]
                  00003b10    00000048     sysbios.aem4f : BIOS.obj (.text:ti_sysbios_family_arm_lm4_Timer_enableTimers__I)
                  00003b58    00000048                   : BIOS.obj (.text:ti_sysbios_family_arm_m3_Hwi_disableInterrupt__E)
                  00003ba0    00000048                   : BIOS.obj (.text:ti_sysbios_family_arm_m3_Hwi_enableInterrupt__E)
                  00003be8    00000048                   : BIOS.obj (.text:ti_sysbios_family_arm_m3_Hwi_excReserved__I)
                  00003c30    00000046     ti.targets.arm.rtsarm.aem4f : Core-params.oem4f (.text:xdc_runtime_Core_assignParams__I)
                  00003c76    00000002     --HOLE-- [fill = 0]
                  00003c78    00000044     sysbios.aem4f : BIOS.obj (.text:ti_sysbios_family_arm_lm4_Timer_isrStub__E)
                  00003cbc    00000004     --HOLE-- [fill = 0]
                  00003cc0    00000044                   : BIOS.obj (.text:ti_sysbios_family_arm_m3_Hwi_getStackInfo__E)
                  00003d04    00000004     --HOLE-- [fill = 0]
                  00003d08    00000044                   : BIOS.obj (.text:ti_sysbios_knl_Swi_post__E)
                  00003d4c    00000044     ti.targets.arm.rtsarm.aem4f : Error.oem4f (.text:xdc_runtime_Error_setX__E)
                  00003d90    00000044                                 : SysMin.oem4f (.text:xdc_runtime_SysMin_flush__E)
                  00003dd4    00000044                                 : Text.oem4f (.text:xdc_runtime_Text_xprintf__I)
                  00003e18    00000040     rtsv7M4_T_le_v4SPD16_eabi.lib : u_divt2.asm.obj (.text)
                  00003e58    00000040     sysbios.aem4f : BIOS.obj (.text:ti_sysbios_family_arm_lm4_Timer_startup__E)
                  00003e98    00000040                   : BIOS.obj (.text:ti_sysbios_heaps_HeapMem_Instance_init__E)
                  00003ed8    0000003c                   : BIOS.obj (.text:ti_sysbios_family_arm_m3_Hwi_excSvCall__I)
                  00003f14    00000004     --HOLE-- [fill = 0]
                  00003f18    0000003c                   : BIOS.obj (.text:ti_sysbios_heaps_HeapMem_init__I)
                  00003f54    00000004     --HOLE-- [fill = 0]
                  00003f58    0000003c                   : BIOS.obj (.text:ti_sysbios_knl_Swi_restore__E)
                  00003f94    00000038     drivers_tivaware.aem4f : PWM.oem4f (.text:PWM_init)
                  00003fcc    00000038     rtsv7M4_T_le_v4SPD16_eabi.lib : trgmsg.c.obj (.text:__TI_writemsg)
                  00004004    00000004     --HOLE-- [fill = 0]
                  00004008    00000038     sysbios.aem4f : BIOS.obj (.text:ti_sysbios_family_arm_m3_Hwi_excNoIsr__I)
                  00004040    00000038                   : BIOS.obj (.text:ti_sysbios_knl_Task_processVitalTaskFlag__I)
                  00004078    00000038     ti.targets.arm.rtsarm.aem4f : SysMin.oem4f (.text:xdc_runtime_SysMin_putch__E)
                  000040b0    00000038                                 : System.oem4f (.text:xdc_runtime_System_atexit__E)
                  000040e8    00000034     driverlib.lib : sysctl.obj (.text:SysCtlPeripheralEnable)
                  0000411c    00000034     rtsv7M4_T_le_v4SPD16_eabi.lib : trgmsg.c.obj (.text:__TI_readmsg)
                  00004150    00000034     sysbios.aem4f : BIOS.obj (.text:ti_sysbios_family_arm_m3_Hwi_Instance_finalize__E)
                  00004184    00000004     --HOLE-- [fill = 0]
                  00004188    00000034                   : BIOS.obj (.text:ti_sysbios_family_arm_m3_Hwi_excNmi__I)
                  000041bc    00000004     --HOLE-- [fill = 0]
                  000041c0    00000034                   : BIOS.obj (.text:ti_sysbios_hal_Hwi_checkStack)
                  000041f4    00000034     ti.targets.arm.rtsarm.aem4f : Core-label.oem4f (.text:xdc_runtime_Core_assignLabel__I)
                  00004228    00000033                                 : Text.oem4f (.text:xdc_runtime_Text_printVisFxn__I)
                  0000425b    00000005     --HOLE-- [fill = 0]
                  00004260    00000032     sysbios.aem4f : BIOS.obj (.text:ti_sysbios_hal_Hwi_initStack)
                  00004292    00000002     --HOLE-- [fill = 0]
                  00004294    00000030     drivers_tivaware.aem4f : PWMTiva.oem4f (.text:PWMTiva_init)
                  000042c4    00000030                            : PWM.oem4f (.text:PWM_open)
                  000042f4    00000030     pwmled_pem4f.oem4f (.text:ti_sysbios_BIOS_atExitFunc__I)
                  00004324    00000004     --HOLE-- [fill = 0]
                  00004328    00000030     sysbios.aem4f : BIOS.obj (.text:ti_sysbios_family_arm_lm4_Timer_stop__E)
                  00004358    00000030                   : BIOS.obj (.text:ti_sysbios_family_arm_m3_TaskSupport_start__E)
                  00004388    00000030     pwmled_pem4f.oem4f (.text:ti_sysbios_gates_GateHwi_Object__create__S)
                  000043b8    00000030     pwmled_pem4f.oem4f (.text:ti_sysbios_gates_GateMutex_Object__create__S)
                  000043e8    00000030     sysbios.aem4f : BIOS.obj (.text:ti_sysbios_gates_GateMutex_enter__E)
                  00004418    00000030     pwmled_pem4f.oem4f (.text:ti_sysbios_heaps_HeapMem_Object__create__S)
                  00004448    00000030     pwmled_pem4f.oem4f (.text:ti_sysbios_knl_Semaphore_construct)
                  00004478    00000030     sysbios.aem4f : BIOS.obj (.text:ti_sysbios_knl_Semaphore_pendTimeout__I)
                  000044a8    00000030                   : BIOS.obj (.text:ti_sysbios_knl_Task_unblockI__E)
                  000044d8    00000030     ti.targets.arm.rtsarm.aem4f : SysMin.oem4f (.text:xdc_runtime_SysMin_abort__E)
                  00004508    00000030                                 : System.oem4f (.text:xdc_runtime_System_processAtExit__E)
                  00004538    0000002c     pwmled_pem4f.oem4f (.text:ti_sysbios_knl_Clock_doTick__I)
                  00004564    0000002c     pwmled_pem4f.oem4f (.text:ti_sysbios_knl_Queue_construct)
                  00004590    0000002c     sysbios.aem4f : BIOS.obj (.text:ti_sysbios_knl_Task_restore__E)
                  000045bc    0000002c     ti.targets.arm.rtsarm.aem4f : Text.oem4f (.text:xdc_runtime_Text_cordText__E)
                  000045e8    0000002a     driverlib.lib : gpio.obj (.text:GPIODirModeSet)
                  00004612    0000002a     ti.targets.arm.rtsarm.aem4f : System.oem4f (.text:xdc_runtime_System_putchar__I)
                  0000463c    00000028     EK_TM4C1294XL.obj (.text:EK_TM4C1294XL_initPWM)
                  00004664    00000004     --HOLE-- [fill = 0]
                  00004668    00000028     sysbios.aem4f : BIOS.obj (.text:ti_sysbios_knl_Swi_Module_startup__E)
                  00004690    00000026                   : m3_Hwi_asm.obj (.text:ti_sysbios_family_arm_m3_Hwi_pendSV__I)
                  000046b6    00000026     ti.targets.arm.rtsarm.aem4f : System.oem4f (.text:xdc_runtime_System_avprintf__E)
                  000046dc    00000024     pwmled_pem4f.oem4f (.text:ti_sysbios_BIOS_errorRaiseHook__I)
                  00004700    00000024     pwmled_pem4f.oem4f (.text:ti_sysbios_BIOS_registerRTSLock__I)
                  00004724    00000024     pwmled_pem4f.oem4f (.text:ti_sysbios_BIOS_removeRTSLock__I)
                  00004748    00000024     pwmled_pem4f.oem4f (.text:ti_sysbios_BIOS_startFunc__I)
                  0000476c    00000024     pwmled_pem4f.oem4f (.text:ti_sysbios_gates_GateMutex_Object__delete__S)
                  00004790    00000024     sysbios.aem4f : BIOS.obj (.text:ti_sysbios_knl_Clock_Module_startup__E)
                  000047b4    00000004     --HOLE-- [fill = 0]
                  000047b8    00000024                   : BIOS.obj (.text:ti_sysbios_knl_Semaphore_Instance_init__E)
                  000047dc    00000004     --HOLE-- [fill = 0]
                  000047e0    00000024                   : BIOS.obj (.text:ti_sysbios_knl_Task_restoreHwi__E)
                  00004804    00000024     ti.targets.arm.rtsarm.aem4f : System.oem4f (.text:xdc_runtime_System_vprintf__E)
                  00004828    00000022     driverlib.lib : pwm.obj (.text:PWMGenConfigure)
                  0000484a    00000022     drivers_tivaware.aem4f : PWMTiva.oem4f (.text:PWMTiva_getPeriodCounts)
                  0000486c    00000004     --HOLE-- [fill = 0]
                  00004870    00000022     sysbios.aem4f : BIOS.obj (.text:ti_sysbios_family_arm_lm4_Timer_write__I)
                  00004892    00000022     pwmled_pem4f.oem4f (.text:xdc_runtime_SysMin_output__I)
                  000048b4    00000020     Boot.aem4f : Boot_sysctl.oem4f (.text:_SysCtlMemTimingGet)
                  000048d4    00000020     pwmled_pem4f.oem4f (.text:ti_sysbios_BIOS_rtsLock__I)
                  000048f4    00000020     sysbios.aem4f : m3_Hwi_asm.obj (.text:ti_sysbios_family_arm_m3_Hwi_excHandlerAsm__I)
                  00004914    00000004     --HOLE-- [fill = 0]
                  00004918    00000020                   : BIOS.obj (.text:ti_sysbios_family_arm_m3_Hwi_excHandler__I)
                  00004938    00000020     pwmled_pem4f.oem4f (.text:ti_sysbios_gates_GateHwi_Object__delete__S)
                  00004958    00000020     pwmled_pem4f.oem4f (.text:ti_sysbios_heaps_HeapMem_Object__delete__S)
                  00004978    00000020     sysbios.aem4f : BIOS.obj (.text:ti_sysbios_knl_Idle_run__E)
                  00004998    00000020     pwmled_pem4f.oem4f (.text:ti_sysbios_knl_Semaphore_Object__destruct__S)
                  000049b8    00000020     ti.targets.arm.rtsarm.aem4f : Registry.oem4f (.text:xdc_runtime_Registry_findById__E)
                  000049d8    00000020                                 : SysMin.oem4f (.text:xdc_runtime_SysMin_Module_startup__E)
                  000049f8    0000001e     driverlib.lib : pwm.obj (.text:PWMPulseWidthSet)
                  00004a16    0000001e     drivers_tivaware.aem4f : PWMTiva.oem4f (.text:PWMTiva_getPeriodMicroSecs)
                  00004a34    0000001e     sysbios.aem4f : m3_Hwi_asm_switch.obj (.text:ti_sysbios_family_xxx_Hwi_switchAndRunFunc)
                  00004a52    0000001c     drivers_tivaware.aem4f : GPIOTiva.oem4f (.text:getGpioIntIndex)
                  00004a6e    00000002     --HOLE-- [fill = 0]
                  00004a70    0000001c     sysbios.aem4f : BIOS.obj (.text:ti_sysbios_gates_GateMutex_Instance_init__E)
                  00004a8c    0000001c     pwmled_pem4f.oem4f (.text:ti_sysbios_knl_Queue_Object__destruct__S)
                  00004aa8    0000001c     sysbios.aem4f : BIOS.obj (.text:ti_sysbios_knl_Queue_put__E)
                  00004ac4    00000004     --HOLE-- [fill = 0]
                  00004ac8    0000001c                   : BIOS.obj (.text:ti_sysbios_knl_Task_enter__I)
                  00004ae4    0000001c     ti.targets.arm.rtsarm.aem4f : Error.oem4f (.text:xdc_runtime_Error_raiseX__E)
                  00004b00    0000001c                                 : Memory.oem4f (.text:xdc_runtime_Memory_valloc__E)
                  00004b1c    0000001c                                 : SysMin.oem4f (.text:xdc_runtime_SysMin_exit__E)
                  00004b38    0000001c                                 : System.oem4f (.text:xdc_runtime_System_abort__E)
                  00004b54    0000001a     pwmled_pem4f.oem4f (.text:ti_sysbios_family_arm_m3_Hwi_Handle__label__S)
                  00004b6e    0000001a     pwmled_pem4f.oem4f (.text:ti_sysbios_gates_GateHwi_Handle__label__S)
                  00004b88    0000001a     pwmled_pem4f.oem4f (.text:ti_sysbios_gates_GateMutex_Handle__label__S)
                  00004ba2    0000001a     pwmled_pem4f.oem4f (.text:ti_sysbios_heaps_HeapMem_Handle__label__S)
                  00004bbc    0000001a     pwmled_pem4f.oem4f (.text:ti_sysbios_knl_Swi_Handle__label__S)
                  00004bd6    0000001a     pwmled_pem4f.oem4f (.text:ti_sysbios_knl_Task_Handle__label__S)
                  00004bf0    0000001a     pwmled_pem4f.oem4f (.text:xdc_runtime_System_aprintf__E)
                  00004c0a    0000001a     pwmled_pem4f.oem4f (.text:xdc_runtime_System_printf__E)
                  00004c24    00000018     rtsv7M4_T_le_v4SPD16_eabi.lib : args_main.c.obj (.text:_args_main)
                  00004c3c    00000018     pwmled_pem4f.oem4f (.text:ti_sysbios_BIOS_rtsUnlock__I)
                  00004c54    00000018     pwmled_pem4f.oem4f (.text:ti_sysbios_family_arm_lm4_Timer_Module__startupDone__F)
                  00004c6c    00000018     pwmled_pem4f.oem4f (.text:ti_sysbios_family_arm_m3_Hwi_Module__startupDone__F)
                  00004c84    00000018     sysbios.aem4f : m3_TaskSupport_asm.obj (.text:ti_sysbios_family_arm_m3_TaskSupport_swap__E)
                  00004c9c    00000004     --HOLE-- [fill = 0]
                  00004ca0    00000018                   : BIOS.obj (.text:ti_sysbios_gates_GateMutex_leave__E)
                  00004cb8    00000018                   : BIOS.obj (.text:ti_sysbios_knl_Task_sleepTimeout__I)
                  00004cd0    00000018     ti.targets.arm.rtsarm.aem4f : Error.oem4f (.text:xdc_runtime_Error_check__E)
                  00004ce8    00000018                                 : System.oem4f (.text:xdc_runtime_System_exit__E)
                  00004d00    00000018                                 : Text.oem4f (.text:xdc_runtime_Text_ropeText__E)
                  00004d18    00000016     pwmled_pem4f.oem4f (.text:ti_sysbios_BIOS_exitFunc__I)
                  00004d2e    00000016     pwmled.obj (.text:ti_sysbios_knl_Task_Params_init)
                  00004d44    00000014     driverlib.lib : pwm.obj (.text:PWMClockSet)
                  00004d58    00000014                   : sysctl.obj (.text:SysCtlPWMClockSet)
                  00004d6c    00000014     rtsv7M4_T_le_v4SPD16_eabi.lib : strlen.c.obj (.text:strlen)
                  00004d80    00000014     pwmled_pem4f.oem4f (.text:ti_sysbios_family_arm_m3_Hwi_Object__get__S)
                  00004d94    00000004     --HOLE-- [fill = 0]
                  00004d98    00000014     sysbios.aem4f : BIOS.obj (.text:ti_sysbios_family_arm_m3_Hwi_switchFromBootStack__E)
                  00004dac    00000014     pwmled_pem4f.oem4f (.text:ti_sysbios_heaps_HeapMem_Object__get__S)
                  00004dc0    00000014     pwmled_pem4f.oem4f (.text:ti_sysbios_knl_Swi_Object__get__S)
                  00004dd4    00000012     driverlib.lib : gpio.obj (.text:GPIOPinTypePWM)
                  00004de6    00000012                   : pwm.obj (.text:PWMGenPeriodGet)
                  00004df8    00000012                   : pwm.obj (.text:PWMOutputInvert)
                  00004e0a    00000012                   : pwm.obj (.text:PWMOutputState)
                  00004e1c    00000004     --HOLE-- [fill = 0]
                  00004e20    00000012     sysbios.aem4f : BIOS.obj (.text:ti_sysbios_hal_Hwi_Module_startup__E)
                  00004e32    00000012     pwmled_pem4f.oem4f (.text:xdc_runtime_Startup_exec__I)
                  00004e44    00000010     pwmled_pem4f.oem4f (.text:.bootCodeSection:ti_catalog_arm_cortexm4_tiva_ce_Boot_init__I)
                  00004e54    00000010     driverlib.lib : pwm.obj (.text:PWMGenPeriodSet)
                  00004e64    00000010     drivers_tivaware.aem4f : PWM.oem4f (.text:PWM_Params_init)
                  00004e74    00000004     --HOLE-- [fill = 0]
                  00004e78    00000010     sysbios.aem4f : BIOS.obj (.text:ti_sysbios_BIOS_getCpuFreq__E)
                  00004e88    00000010                   : BIOS.obj (.text:ti_sysbios_BIOS_setThreadType__E)
                  00004e98    00000010                   : BIOS.obj (.text:ti_sysbios_BIOS_start__E)
                  00004ea8    00000010                   : m3_TaskSupport_asm.obj (.text:ti_sysbios_family_arm_m3_TaskSupport_glue)
                  00004eb8    00000010                   : BIOS.obj (.text:ti_sysbios_gates_GateMutex_Instance_finalize__E)
                  00004ec8    00000010                   : BIOS.obj (.text:ti_sysbios_knl_Semaphore_Instance_finalize__E)
                  00004ed8    00000010                   : BIOS.obj (.text:ti_sysbios_knl_Swi_disable__E)
                  00004ee8    00000010     pwmled_pem4f.oem4f (.text:ti_sysbios_knl_Task_Object__get__S)
                  00004ef8    00000010     sysbios.aem4f : BIOS.obj (.text:ti_sysbios_knl_Task_disable__E)
                  00004f08    00000010     ti.targets.arm.rtsarm.aem4f : Gate.oem4f (.text:xdc_runtime_Gate_leaveSystem__E)
                  00004f18    00000010                                 : Memory.oem4f (.text:xdc_runtime_Memory_free__E)
                  00004f28    00000010                                 : SysMin.oem4f (.text:xdc_runtime_SysMin_ready__E)
                  00004f38    00000010                                 : System.oem4f (.text:xdc_runtime_System_vsnprintf__E)
                  00004f48    00000010     pwmled_pem4f.oem4f (.text:xdc_runtime_Text_visitRope__I)
                  00004f58    0000000e     driverlib.lib : gpio.obj (.text:GPIOIntStatus)
                  00004f66    0000000e     rtsv7M4_T_le_v4SPD16_eabi.lib : copy_decompress_none.c.obj (.text:decompress:none:__TI_decompress_none)
                  00004f74    00000004     --HOLE-- [fill = 0]
                  00004f78    0000000e     sysbios.aem4f : BIOS.obj (.text:ti_sysbios_knl_Idle_loop__E)
                  00004f86    00000002     --HOLE-- [fill = 0]
                  00004f88    0000000e                   : BIOS.obj (.text:ti_sysbios_knl_Queue_empty__E)
                  00004f96    0000000c     driverlib.lib : pwm.obj (.text:PWMGenDisable)
                  00004fa2    0000000c                   : pwm.obj (.text:PWMGenEnable)
                  00004fae    00000002     --HOLE-- [fill = 0]
                  00004fb0    0000000c     rtsv7M4_T_le_v4SPD16_eabi.lib : _lock.c.obj (.text:_register_lock)
                  00004fbc    0000000c                                   : _lock.c.obj (.text:_register_unlock)
                  00004fc8    0000000c                                   : copy_zero_init.c.obj (.text:decompress:ZI:__TI_zero_init)
                  00004fd4    00000004     --HOLE-- [fill = 0]
                  00004fd8    0000000c     sysbios.aem4f : BIOS.obj (.text:ti_sysbios_family_arm_lm4_Timer_getMaxTicks__E)
                  00004fe4    0000000c     pwmled_pem4f.oem4f (.text:ti_sysbios_family_arm_m3_Hwi_Params__init__S)
                  00004ff0    0000000c     sysbios.aem4f : BIOS.obj (.text:ti_sysbios_family_arm_m3_Hwi_disableFxn__E)
                  00004ffc    00000004     --HOLE-- [fill = 0]
                  00005000    0000000c                   : BIOS.obj (.text:ti_sysbios_family_arm_m3_TaskSupport_checkStack__E)
                  0000500c    00000004     --HOLE-- [fill = 0]
                  00005010    0000000c                   : BIOS.obj (.text:ti_sysbios_family_arm_m3_TaskSupport_getStackAlignment__E)
                  0000501c    00000004     --HOLE-- [fill = 0]
                  00005020    0000000c                   : BIOS.obj (.text:ti_sysbios_gates_GateHwi_enter__E)
                  0000502c    0000000c     pwmled_pem4f.oem4f (.text:ti_sysbios_knl_Queue_Object__get__S)
                  00005038    0000000c     pwmled_pem4f.oem4f (.text:ti_sysbios_knl_Task_Params__init__S)
                  00005044    0000000c     pwmled.obj (.text:ti_sysbios_knl_Task_handle)
                  00005050    0000000c     ti.targets.arm.rtsarm.aem4f : Error.oem4f (.text:xdc_runtime_Error_init__E)
                  0000505c    0000000c                                 : Gate.oem4f (.text:xdc_runtime_Gate_enterSystem__E)
                  00005068    0000000c                                 : Memory.oem4f (.text:xdc_runtime_Memory_calloc__E)
                  00005074    0000000c                                 : Memory.oem4f (.text:xdc_runtime_Memory_getMaxDefaultTypeAlign__E)
                  00005080    0000000a     drivers_tivaware.aem4f : PWM.oem4f (.text:PWM_setDuty)
                  0000508a    0000000a     pwmled_pem4f.oem4f (.text:xdc_runtime_IHeap_alloc)
                  00005094    0000000a     pwmled_pem4f.oem4f (.text:xdc_runtime_IHeap_free)
                  0000509e    00000008     EK_TM4C1294XL.obj (.text:EK_TM4C1294XL_initGPIO)
                  000050a6    00000008     sysbios.aem4f : BIOS.obj (.text:ti_sysbios_family_arm_lm4_Timer_masterDisable__I)
                  000050ae    00000002     --HOLE-- [fill = 0]
                  000050b0    00000008                   : BIOS.obj (.text:ti_sysbios_family_arm_m3_Hwi_doSwiRestore__I)
                  000050b8    00000008                   : BIOS.obj (.text:ti_sysbios_family_arm_m3_Hwi_startup__E)
                  000050c0    00000006     driverlib.lib : gpio.obj (.text:GPIOIntClear)
                  000050c6    00000006                   : gpio.obj (.text:GPIOPinWrite)
                  000050cc    00000004     --HOLE-- [fill = 0]
                  000050d0    00000006     sysbios.aem4f : BIOS.obj (.text:ti_sysbios_family_arm_m3_Hwi_doTaskRestore__I)
                  000050d6    00000002     --HOLE-- [fill = 0]
                  000050d8    00000006                   : BIOS.obj (.text:ti_sysbios_family_arm_m3_Hwi_restoreFxn__E)
                  000050de    00000002     --HOLE-- [fill = 0]
                  000050e0    00000006                   : BIOS.obj (.text:ti_sysbios_gates_GateHwi_leave__E)
                  000050e6    00000002     --HOLE-- [fill = 0]
                  000050e8    00000006                   : BIOS.obj (.text:ti_sysbios_heaps_HeapMem_isBlocking__E)
                  000050ee    00000002     --HOLE-- [fill = 0]
                  000050f0    00000006                   : BIOS.obj (.text:ti_sysbios_knl_Queue_Instance_init__E)
                  000050f6    00000002     --HOLE-- [fill = 0]
                  000050f8    00000006                   : BIOS.obj (.text:ti_sysbios_knl_Swi_startup__E)
                  000050fe    00000006     ti.targets.arm.rtsarm.aem4f : System.oem4f (.text:xdc_runtime_System_Module_startup__E)
                  00005104    00000004     --HOLE-- [fill = 0]
                  00005108    00000004     sysbios.aem4f : BIOS.obj (.text:ti_sysbios_gates_GateHwi_query__E)
                  0000510c    00000004     --HOLE-- [fill = 0]
                  00005110    00000004                   : BIOS.obj (.text:ti_sysbios_gates_GateMutex_query__E)
                  00005114    00000004     --HOLE-- [fill = 0]
                  00005118    00000004                   : BIOS.obj (.text:ti_sysbios_knl_Task_startup__E)
                  0000511c    00000004     --HOLE-- [fill = 0]
                  00005120    00000002                   : BIOS.obj (.text:ti_sysbios_gates_GateHwi_Instance_init__E)
                  00005122    00000006     --HOLE-- [fill = 0]
                  00005128    00000002                   : BIOS.obj (.text:ti_sysbios_knl_Clock_logTick__E)

.const     0    0000512c    000020be     
                  0000512c    00001861     pwmled_pem4f.oem4f (.const:xdc_runtime_Text_charTab__A)
                  0000698d    00000001     pwmled_pem4f.oem4f (.const:xdc_runtime_Error_policy__C)
                  0000698e    00000002     pwmled_pem4f.oem4f (.const:ti_catalog_arm_cortexm4_tiva_ce_Boot_Module__id__C)
                  00006990    00000120     Boot.aem4f : Boot_sysctl.oem4f (.const:g_pppui32XTALtoVCO)
                  00006ab0    000000bc     pwmled_pem4f.oem4f (.const:xdc_runtime_Text_nodeTab__A)
                  00006b6c    00000090     driverlib.lib : gpio.obj (.const:g_pui32GPIOBaseAddrs)
                  00006bfc    0000006c     Boot.aem4f : Boot_sysctl.oem4f (.const:g_pui32Xtals)
                  00006c68    00000054     drivers_tivaware.aem4f : GPIOTiva.oem4f (.const:.string)
                  00006cbc    00000048     pwmled_pem4f.oem4f (.const:.string)
                  00006d04    00000048     drivers_tivaware.aem4f : GPIOTiva.oem4f (.const:gpioBaseAddresses)
                  00006d4c    0000003c     pwmled_pem4f.oem4f (.const:ti_sysbios_knl_Task_Object__PARAMS__C)
                  00006d88    00000030     Boot.aem4f : Boot_sysctl.oem4f (.const:g_sXTALtoMEMTIM)
                  00006db8    00000030     pwmled_pem4f.oem4f (.const:ti_sysbios_family_arm_m3_Hwi_Object__PARAMS__C)
                  00006de8    00000028     pwmled_pem4f.oem4f (.const:ti_sysbios_heaps_HeapMem_Module__FXNS__C)
                  00006e10    00000024     pwmled_pem4f.oem4f (.const:ti_sysbios_gates_GateHwi_Module__FXNS__C)
                  00006e34    00000024     pwmled_pem4f.oem4f (.const:ti_sysbios_gates_GateMutex_Module__FXNS__C)
                  00006e58    00000024     pwmled_pem4f.oem4f (.const:ti_sysbios_heaps_HeapMem_Object__PARAMS__C)
                  00006e7c    00000024     pwmled_pem4f.oem4f (.const:ti_sysbios_knl_Semaphore_Object__PARAMS__C)
                  00006ea0    00000020     drivers_tivaware.aem4f : PWMTiva.oem4f (.const)
                  00006ec0    00000020     pwmled_pem4f.oem4f (.const:ti_sysbios_family_arm_m3_Hwi_Object__DESC__C)
                  00006ee0    00000020     pwmled_pem4f.oem4f (.const:ti_sysbios_gates_GateHwi_Object__DESC__C)
                  00006f00    00000020     pwmled_pem4f.oem4f (.const:ti_sysbios_gates_GateMutex_Object__DESC__C)
                  00006f20    00000020     pwmled_pem4f.oem4f (.const:ti_sysbios_heaps_HeapMem_Object__DESC__C)
                  00006f40    00000020     pwmled_pem4f.oem4f (.const:ti_sysbios_knl_Queue_Object__DESC__C)
                  00006f60    00000020     pwmled_pem4f.oem4f (.const:ti_sysbios_knl_Semaphore_Object__DESC__C)
                  00006f80    00000020     pwmled_pem4f.oem4f (.const:ti_sysbios_knl_Task_Object__DESC__C)
                  00006fa0    00000020     pwmled_pem4f.oem4f (.const:xdc_runtime_Startup_sfxnTab__A)
                  00006fc0    00000018     EK_TM4C1294XL.obj (.const:PWM_config)
                  00006fd8    00000018     pwmled_pem4f.oem4f (.const:ti_sysbios_gates_GateHwi_Object__PARAMS__C)
                  00006ff0    00000018     pwmled_pem4f.oem4f (.const:ti_sysbios_gates_GateMutex_Object__PARAMS__C)
                  00007008    00000018     pwmled_pem4f.oem4f (.const:ti_sysbios_knl_Queue_Object__PARAMS__C)
                  00007020    00000014     EK_TM4C1294XL.obj (.const:GPIOTiva_config)
                  00007034    00000014     pwmled_pem4f.oem4f (.const:xdc_runtime_Startup_firstFxns__A)
                  00007048    00000010     pwmled_pem4f.oem4f (.const:xdc_runtime_Startup_sfxnRts__A)
                  00007058    0000000c     drivers_tivaware.aem4f : PWM.oem4f (.const)
                  00007064    0000000c     EK_TM4C1294XL.obj (.const:pwmTivaHWAttrs)
                  00007070    00000008     Boot.aem4f : Boot_sysctl.oem4f (.const)
                  00007078    00000008     pwmled_pem4f.oem4f (.const:ti_sysbios_family_arm_m3_Hwi_excHookFuncs__A)
                  00007080    00000008     pwmled_pem4f.oem4f (.const:ti_sysbios_knl_Idle_funcList__C)
                  00007088    00000008     pwmled_pem4f.oem4f (.const:xdc_runtime_Startup_firstFxns__C)
                  00007090    00000008     pwmled_pem4f.oem4f (.const:xdc_runtime_Startup_lastFxns__C)
                  00007098    00000004     pwmled_pem4f.oem4f (.const:ti_catalog_arm_cortexm4_tiva_ce_Boot_A_mustNotUseEnhancedClockMode__C)
                  0000709c    00000004     pwmled_pem4f.oem4f (.const:ti_catalog_arm_cortexm4_tiva_ce_Boot_Module__diagsEnabled__C)
                  000070a0    00000004     pwmled_pem4f.oem4f (.const:ti_catalog_arm_cortexm4_tiva_ce_Boot_Module__diagsIncluded__C)
                  000070a4    00000004     pwmled_pem4f.oem4f (.const:ti_catalog_arm_cortexm4_tiva_ce_Boot_Module__diagsMask__C)
                  000070a8    00000004     pwmled_pem4f.oem4f (.const:ti_sysbios_family_arm_lm4_Timer_enableFunc__C)
                  000070ac    00000004     pwmled_pem4f.oem4f (.const:ti_sysbios_family_arm_lm4_Timer_numTimerDevices__C)
                  000070b0    00000004     pwmled_pem4f.oem4f (.const:ti_sysbios_family_arm_lm4_Timer_startupNeeded__C)
                  000070b4    00000004     pwmled_pem4f.oem4f (.const:ti_sysbios_family_arm_m3_Hwi_E_NMI__C)
                  000070b8    00000004     pwmled_pem4f.oem4f (.const:ti_sysbios_family_arm_m3_Hwi_E_alreadyDefined__C)
                  000070bc    00000004     pwmled_pem4f.oem4f (.const:ti_sysbios_family_arm_m3_Hwi_E_busFault__C)
                  000070c0    00000004     pwmled_pem4f.oem4f (.const:ti_sysbios_family_arm_m3_Hwi_E_debugMon__C)
                  000070c4    00000004     pwmled_pem4f.oem4f (.const:ti_sysbios_family_arm_m3_Hwi_E_hardFault__C)
                  000070c8    00000004     pwmled_pem4f.oem4f (.const:ti_sysbios_family_arm_m3_Hwi_E_memFault__C)
                  000070cc    00000004     pwmled_pem4f.oem4f (.const:ti_sysbios_family_arm_m3_Hwi_E_noIsr__C)
                  000070d0    00000004     pwmled_pem4f.oem4f (.const:ti_sysbios_family_arm_m3_Hwi_E_reserved__C)
                  000070d4    00000004     pwmled_pem4f.oem4f (.const:ti_sysbios_family_arm_m3_Hwi_E_svCall__C)
                  000070d8    00000004     pwmled_pem4f.oem4f (.const:ti_sysbios_family_arm_m3_Hwi_E_usageFault__C)
                  000070dc    00000004     pwmled_pem4f.oem4f (.const:ti_sysbios_family_arm_m3_Hwi_NUM_INTERRUPTS__C)
                  000070e0    00000004     pwmled_pem4f.oem4f (.const:ti_sysbios_family_arm_m3_Hwi_Object__count__C)
                  000070e4    00000004     pwmled_pem4f.oem4f (.const:ti_sysbios_family_arm_m3_Hwi_ccr__C)
                  000070e8    00000004     pwmled_pem4f.oem4f (.const:ti_sysbios_family_arm_m3_Hwi_excHandlerFunc__C)
                  000070ec    00000004     pwmled_pem4f.oem4f (.const:ti_sysbios_family_arm_m3_Hwi_excHookFuncs__C)
                  000070f0    00000004     pwmled_pem4f.oem4f (.const:ti_sysbios_family_arm_m3_Hwi_nullIsrFunc__C)
                  000070f4    00000004     pwmled_pem4f.oem4f (.const:ti_sysbios_family_arm_m3_Hwi_priGroup__C)
                  000070f8    00000004     pwmled_pem4f.oem4f (.const:ti_sysbios_family_arm_m3_TaskSupport_stackAlignment__C)
                  000070fc    00000004     pwmled_pem4f.oem4f (.const:ti_sysbios_gates_GateMutex_Instance_State_sem__O)
                  00007100    00000004     pwmled_pem4f.oem4f (.const:ti_sysbios_hal_Hwi_E_stackOverflow__C)
                  00007104    00000004     pwmled_pem4f.oem4f (.const:ti_sysbios_heaps_HeapMem_E_memory__C)
                  00007108    00000004     pwmled_pem4f.oem4f (.const:ti_sysbios_heaps_HeapMem_Module__gateObj__C)
                  0000710c    00000004     pwmled_pem4f.oem4f (.const:ti_sysbios_heaps_HeapMem_Object__count__C)
                  00007110    00000004     pwmled_pem4f.oem4f (.const:ti_sysbios_heaps_HeapMem_reqAlign__C)
                  00007114    00000004     pwmled_pem4f.oem4f (.const:ti_sysbios_knl_Clock_Module_State_clockQ__O)
                  00007118    00000004     pwmled_pem4f.oem4f (.const:ti_sysbios_knl_Idle_funcList__A)
                  0000711c    00000004     pwmled_pem4f.oem4f (.const:ti_sysbios_knl_Semaphore_Instance_State_pendQ__O)
                  00007120    00000004     pwmled_pem4f.oem4f (.const:ti_sysbios_knl_Swi_Object__count__C)
                  00007124    00000004     pwmled_pem4f.oem4f (.const:ti_sysbios_knl_Task_E_spOutOfBounds__C)
                  00007128    00000004     pwmled_pem4f.oem4f (.const:ti_sysbios_knl_Task_E_stackOverflow__C)
                  0000712c    00000004     pwmled_pem4f.oem4f (.const:ti_sysbios_knl_Task_Module_State_inactiveQ__O)
                  00007130    00000004     pwmled_pem4f.oem4f (.const:ti_sysbios_knl_Task_Object__count__C)
                  00007134    00000004     pwmled_pem4f.oem4f (.const:ti_sysbios_knl_Task_allBlockedFunc__C)
                  00007138    00000004     pwmled_pem4f.oem4f (.const:ti_sysbios_knl_Task_defaultStackHeap__C)
                  0000713c    00000004     pwmled_pem4f.oem4f (.const:ti_sysbios_knl_Task_defaultStackSize__C)
                  00007140    00000004     pwmled_pem4f.oem4f (.const:ti_sysbios_knl_Task_numConstructedTasks__C)
                  00007144    00000004     pwmled_pem4f.oem4f (.const:xdc_runtime_Assert_E_assertFailed__C)
                  00007148    00000004     pwmled_pem4f.oem4f (.const:xdc_runtime_Core_A_initializedParams__C)
                  0000714c    00000004     pwmled_pem4f.oem4f (.const:xdc_runtime_Core_Module__diagsEnabled__C)
                  00007150    00000004     pwmled_pem4f.oem4f (.const:xdc_runtime_Core_Module__diagsIncluded__C)
                  00007154    00000004     pwmled_pem4f.oem4f (.const:xdc_runtime_Core_Module__diagsMask__C)
                  00007158    00000004     pwmled_pem4f.oem4f (.const:xdc_runtime_Error_E_memory__C)
                  0000715c    00000004     pwmled_pem4f.oem4f (.const:xdc_runtime_Error_Module__diagsEnabled__C)
                  00007160    00000004     pwmled_pem4f.oem4f (.const:xdc_runtime_Error_Module__diagsIncluded__C)
                  00007164    00000004     pwmled_pem4f.oem4f (.const:xdc_runtime_Error_Module__diagsMask__C)
                  00007168    00000004     pwmled_pem4f.oem4f (.const:xdc_runtime_Error_Module__loggerFxn8__C)
                  0000716c    00000004     pwmled_pem4f.oem4f (.const:xdc_runtime_Error_Module__loggerObj__C)
                  00007170    00000004     pwmled_pem4f.oem4f (.const:xdc_runtime_Error_policyFxn__C)
                  00007174    00000004     pwmled_pem4f.oem4f (.const:xdc_runtime_Error_raiseHook__C)
                  00007178    00000004     pwmled_pem4f.oem4f (.const:xdc_runtime_IGateProvider_Interface__BASE__C)
                  0000717c    00000004     pwmled_pem4f.oem4f (.const:xdc_runtime_IHeap_Interface__BASE__C)
                  00007180    00000004     pwmled_pem4f.oem4f (.const:xdc_runtime_IModule_Interface__BASE__C)
                  00007184    00000004     pwmled_pem4f.oem4f (.const:xdc_runtime_Log_L_error__C)
                  00007188    00000004     pwmled_pem4f.oem4f (.const:xdc_runtime_Memory_defaultHeapInstance__C)
                  0000718c    00000004     pwmled_pem4f.oem4f (.const:xdc_runtime_Startup_execImpl__C)
                  00007190    00000004     pwmled_pem4f.oem4f (.const:xdc_runtime_Startup_maxPasses__C)
                  00007194    00000004     pwmled_pem4f.oem4f (.const:xdc_runtime_Startup_sfxnRts__C)
                  00007198    00000004     pwmled_pem4f.oem4f (.const:xdc_runtime_Startup_sfxnTab__C)
                  0000719c    00000004     pwmled_pem4f.oem4f (.const:xdc_runtime_SysMin_bufSize__C)
                  000071a0    00000004     pwmled_pem4f.oem4f (.const:xdc_runtime_SysMin_outputFunc__C)
                  000071a4    00000004     pwmled_pem4f.oem4f (.const:xdc_runtime_System_Module__gateObj__C)
                  000071a8    00000004     pwmled_pem4f.oem4f (.const:xdc_runtime_System_abortFxn__C)
                  000071ac    00000004     pwmled_pem4f.oem4f (.const:xdc_runtime_System_exitFxn__C)
                  000071b0    00000004     pwmled_pem4f.oem4f (.const:xdc_runtime_System_extendFxn__C)
                  000071b4    00000004     pwmled_pem4f.oem4f (.const:xdc_runtime_System_maxAtexitHandlers__C)
                  000071b8    00000004     pwmled_pem4f.oem4f (.const:xdc_runtime_Text_charTab__C)
                  000071bc    00000004     pwmled_pem4f.oem4f (.const:xdc_runtime_Text_nameEmpty__C)
                  000071c0    00000004     pwmled_pem4f.oem4f (.const:xdc_runtime_Text_nameStatic__C)
                  000071c4    00000004     pwmled_pem4f.oem4f (.const:xdc_runtime_Text_nameUnknown__C)
                  000071c8    00000004     pwmled_pem4f.oem4f (.const:xdc_runtime_Text_nodeTab__C)
                  000071cc    00000004     pwmled_pem4f.oem4f (.const:xdc_runtime_Text_visitRopeFxn__C)
                  000071d0    00000002     pwmled_pem4f.oem4f (.const:ti_sysbios_family_arm_m3_Hwi_Module__id__C)
                  000071d2    00000002     pwmled_pem4f.oem4f (.const:ti_sysbios_hal_Hwi_Module__id__C)
                  000071d4    00000002     pwmled_pem4f.oem4f (.const:ti_sysbios_heaps_HeapMem_Module__id__C)
                  000071d6    00000002     pwmled_pem4f.oem4f (.const:ti_sysbios_knl_Task_Module__id__C)
                  000071d8    00000002     pwmled_pem4f.oem4f (.const:xdc_runtime_Core_Module__id__C)
                  000071da    00000002     pwmled_pem4f.oem4f (.const:xdc_runtime_Error_Module__loggerDefined__C)
                  000071dc    00000002     pwmled_pem4f.oem4f (.const:xdc_runtime_Error_maxDepth__C)
                  000071de    00000002     pwmled_pem4f.oem4f (.const:xdc_runtime_Memory_Module__id__C)
                  000071e0    00000002     pwmled_pem4f.oem4f (.const:xdc_runtime_SysMin_flushAtExit__C)
                  000071e2    00000002     pwmled_pem4f.oem4f (.const:xdc_runtime_Text_charCnt__C)
                  000071e4    00000002     pwmled_pem4f.oem4f (.const:xdc_runtime_Text_isLoaded__C)
                  000071e6    00000002     pwmled_pem4f.oem4f (.const:xdc_runtime_Text_registryModsLastId__C)
                  000071e8    00000002     pwmled_pem4f.oem4f (.const:xdc_runtime_Text_unnamedModsLastId__C)

.cinit     0    000071f0    00000210     
                  000071f0    000001d7     (.cinit..data.load) [load image, compression = lzss]
                  000073c7    00000001     --HOLE-- [fill = 0]
                  000073c8    0000000c     (__TI_handler_table)
                  000073d4    00000004     --HOLE-- [fill = 0]
                  000073d8    00000008     (.cinit..bss.load) [load image, compression = zero_init]
                  000073e0    00000008     (.cinit..vecs.load) [load image, compression = zero_init]
                  000073e8    00000018     (__TI_cinit_table)

.init_array 
*          0    00000000    00000000     UNINITIALIZED

.resetVecs 
*          0    00000000    0000003c     
                  00000000    0000003c     pwmled_pem4f.oem4f (.resetVecs)

.bss       0    20000360    00000df8     UNINITIALIZED
                  20000360    00000400     (.common:ti_sysbios_heaps_HeapMem_Instance_State_0_buf__A)
                  20000760    00000360     (.common:ti_sysbios_family_arm_m3_Hwi_dispatchTable)
                  20000ac0    00000200     pwmled_pem4f.oem4f (.bss:taskStackSection)
                  20000cc0    00000200     (.common:tsk0Stack)
                  20000ec0    00000120     rtsv7M4_T_le_v4SPD16_eabi.lib : trgmsg.c.obj (.bss:_CIOBUF_)
                  20000fe0    00000090     drivers_tivaware.aem4f : GPIOTiva.oem4f (.bss:gpioCallbackInfo)
                  20001070    00000080     (.common:xdc_runtime_SysMin_Module_State_0_outbuf__A)
                  200010f0    00000050     (.common:tsk0Struct)
                  20001140    00000008     (.common:parmbuf)
                  20001148    00000008     (.common:pwmTivaObjects)
                  20001150    00000004     (.common:gpioInterruptVectors)
                  20001154    00000004     (.common:task)

.data      0    20001158    00000436     UNINITIALIZED
                  20001158    00000080     pwmled_pem4f.oem4f (.data:ti_sysbios_knl_Swi_Module_State_0_readyQ__A)
                  200011d8    00000080     pwmled_pem4f.oem4f (.data:ti_sysbios_knl_Task_Module_State_0_readyQ__A)
                  20001258    0000004c     pwmled_pem4f.oem4f (.data:ti_sysbios_knl_Task_Object__table__V)
                  200012a4    00000044     pwmled_pem4f.oem4f (.data:ti_sysbios_knl_Task_Module__state__V)
                  200012e8    00000040     pwmled_pem4f.oem4f (.data:ti_sysbios_family_arm_lm4_Timer_Module_State_0_device__A)
                  20001328    00000040     pwmled_pem4f.oem4f (.data:ti_sysbios_family_arm_lm4_Timer_Object__table__V)
                  20001368    00000038     pwmled_pem4f.oem4f (.data:ti_sysbios_gates_GateMutex_Object__table__V)
                  200013a0    00000034     pwmled_pem4f.oem4f (.data:ti_sysbios_family_arm_m3_Hwi_Module__state__V)
                  200013d4    00000030     pwmled_pem4f.oem4f (.data:ti_sysbios_knl_Swi_Object__table__V)
                  20001404    0000002c     pwmled_pem4f.oem4f (.data:ti_sysbios_knl_Clock_Module__state__V)
                  20001430    00000024     pwmled_pem4f.oem4f (.data:ti_sysbios_BIOS_Module__state__V)
                  20001454    00000020     pwmled_pem4f.oem4f (.data:ti_sysbios_family_arm_lm4_Timer_Module_State_0_handles__A)
                  20001474    0000001c     pwmled_pem4f.oem4f (.data:ti_sysbios_knl_Swi_Module__state__V)
                  20001490    00000018     drivers_tivaware.aem4f : PWMTiva.oem4f (.data)
                  200014a8    00000018     pwmled_pem4f.oem4f (.data:ti_sysbios_family_arm_m3_Hwi_Object__table__V)
                  200014c0    00000018     pwmled_pem4f.oem4f (.data:ti_sysbios_heaps_HeapMem_Object__table__V)
                  200014d8    00000010     EK_TM4C1294XL.obj (.data:gpioPinConfigs)
                  200014e8    0000000c     pwmled_pem4f.oem4f (.data:ti_sysbios_family_arm_lm4_Timer_Module__state__V)
                  200014f4    0000000c     pwmled_pem4f.oem4f (.data:xdc_runtime_SysMin_Module__state__V)
                  20001500    00000008     rtsv7M4_T_le_v4SPD16_eabi.lib : _lock.c.obj (.data:$O1$$)
                  20001508    00000008     EK_TM4C1294XL.obj (.data:gpioCallbackFunctions)
                  20001510    00000008     pwmled_pem4f.oem4f (.data:ti_sysbios_family_arm_m3_Hwi_Module__root__V)
                  20001518    00000008     pwmled_pem4f.oem4f (.data:ti_sysbios_gates_GateHwi_Module__root__V)
                  20001520    00000008     pwmled_pem4f.oem4f (.data:ti_sysbios_gates_GateMutex_Module__root__V)
                  20001528    00000008     pwmled_pem4f.oem4f (.data:ti_sysbios_heaps_HeapMem_Module__root__V)
                  20001530    00000008     pwmled_pem4f.oem4f (.data:ti_sysbios_knl_Queue_Module__root__V)
                  20001538    00000008     pwmled_pem4f.oem4f (.data:ti_sysbios_knl_Semaphore_Module__root__V)
                  20001540    00000008     pwmled_pem4f.oem4f (.data:ti_sysbios_knl_Task_Module__root__V)
                  20001548    00000008     pwmled_pem4f.oem4f (.data:xdc_runtime_Registry_Module__state__V)
                  20001550    00000008     pwmled_pem4f.oem4f (.data:xdc_runtime_Startup_Module__state__V)
                  20001558    00000008     pwmled_pem4f.oem4f (.data:xdc_runtime_System_Module_State_0_atexitHandlers__A)
                  20001560    00000008     pwmled_pem4f.oem4f (.data:xdc_runtime_System_Module__state__V)
                  20001568    00000005     drivers_tivaware.aem4f : GPIOTiva.oem4f (.data)
                  2000156d    00000001     --HOLE--
                  2000156e    00000002     pwmled_pem4f.oem4f (.data:ti_sysbios_family_arm_m3_Hwi_Module_State_0_excActive__A)
                  20001570    00000004     drivers_tivaware.aem4f : PWM.oem4f (.data)
                  20001574    00000004     rtsv7M4_T_le_v4SPD16_eabi.lib : stkdepth_vars.c.obj (.data)
                  20001578    00000004     pwmled_pem4f.oem4f (.data:ti_sysbios_family_arm_m3_Hwi_Module_State_0_excContext__A)
                  2000157c    00000004     pwmled_pem4f.oem4f (.data:ti_sysbios_family_arm_m3_Hwi_Module_State_0_excStack__A)
                  20001580    00000004     pwmled_pem4f.oem4f (.data:ti_sysbios_gates_GateHwi_Object__table__V)
                  20001584    00000004     pwmled_pem4f.oem4f (.data:ti_sysbios_knl_Task_Module_State_0_idleTask__A)
                  20001588    00000004     pwmled_pem4f.oem4f (.data:xdc_runtime_Memory_Module__state__V)
                  2000158c    00000002     pwmled_pem4f.oem4f (.data:xdc_runtime_Error_Module__state__V)

.stack     0    20001590    00000300     UNINITIALIZED
                  20001590    00000300     --HOLE--

.bootVecs 
*          0    00000000    00000008     DSECT
                  00000000    00000008     boot.aem4f : boot.oem4f (.bootVecs)

.vecs      0    20000000    00000360     UNINITIALIZED
                  20000000    00000360     pwmled_pem4f.oem4f (.vecs)

xdc.meta   0    00000000    000000de     COPY SECTION
                  00000000    000000de     pwmled_pem4f.oem4f (xdc.meta)

MODULE SUMMARY

       Module                       code    ro data   rw data
       ------                       ----    -------   -------
    .\
       pwmled.obj                   414     0         596    
       EK_TM4C1294XL.obj            232     56        32     
    +--+----------------------------+-------+---------+---------+
       Total:                       646     56        628    
                                                             
    C:\EBG349_ws\pwmled_EK_TM4C1294XL_TI\Debug\configPkg\package\cfg\
       pwmled_pem4f.oem4f           1658    7590      4400   
    +--+----------------------------+-------+---------+---------+
       Total:                       1658    7590      4400   
                                                             
    C:/ti/tirtos_tivac_2_16_00_08/products/TivaWare_C_Series-2.1.1.71b/driverlib/ccs/Debug/driverlib.lib
       gpio.obj                     548     144       0      
       pwm.obj                      178     0         0      
       sysctl.obj                   72      0         0      
    +--+----------------------------+-------+---------+---------+
       Total:                       798     144       0      
                                                             
    C:/ti/tirtos_tivac_2_16_00_08/products/tidrivers_tivac_2_16_00_08/packages/ti/drivers/lib/drivers_tivaware.aem4f
       GPIOTiva.oem4f               764     156       153    
       PWMTiva.oem4f                962     32        24     
       PWM.oem4f                    130     12        4      
    +--+----------------------------+-------+---------+---------+
       Total:                       1856    200       181    
                                                             
    C:\EBG349_ws\pwmled_EK_TM4C1294XL_TI\src\sysbios\sysbios.aem4f
       BIOS.obj                     9078    0         0      
       m3_Hwi_asm.obj               314     0         0      
       m3_TaskSupport_asm.obj       180     0         0      
       m3_Hwi_asm_switch.obj        118     0         0      
    +--+----------------------------+-------+---------+---------+
       Total:                       9690    0         0      
                                                             
    C:\ti\ccs901\ccs\tools\compiler\ti-cgt-arm_18.12.1.LTS\lib\rtsv7M4_T_le_v4SPD16_eabi.lib
       trgmsg.c.obj                 108     0         288    
       memcpy_t2.asm.obj            156     0         0      
       memset_t2.asm.obj            122     0         0      
       copy_decompress_lzss.c.obj   104     0         0      
       hostwrite.c.obj              88      0         0      
       cpy_tbl.c.obj                76      0         0      
       u_divt2.asm.obj              64      0         0      
       _lock.c.obj                  26      0         8      
       args_main.c.obj              24      0         0      
       strlen.c.obj                 20      0         0      
       copy_decompress_none.c.obj   14      0         0      
       copy_zero_init.c.obj         12      0         0      
       hostopen.c.obj               0       0         8      
       exit.c.obj                   4       0         0      
       stkdepth_vars.c.obj          0       0         4      
       div0.asm.obj                 2       0         0      
    +--+----------------------------+-------+---------+---------+
       Total:                       820     0         308    
                                                             
    C:\ti\tirtos_tivac_2_16_00_08\products\bios_6_45_01_29\packages\ti\catalog\arm\cortexm4\tiva\ce\lib\Boot.aem4f
       Boot_sysctl.oem4f            628     452       0      
       Boot.oem4f                   152     0         0      
    +--+----------------------------+-------+---------+---------+
       Total:                       780     452       0      
                                                             
    C:\ti\tirtos_tivac_2_16_00_08\products\bios_6_45_01_29\packages\ti\targets\arm\rtsarm\lib\auto_init.aem4f
       auto_init.oem4f              160     0         0      
    +--+----------------------------+-------+---------+---------+
       Total:                       160     0         0      
                                                             
    C:\ti\tirtos_tivac_2_16_00_08\products\bios_6_45_01_29\packages\ti\targets\arm\rtsarm\lib\boot.aem4f
       boot.oem4f                   88      0         0      
    +--+----------------------------+-------+---------+---------+
       Total:                       88      0         0      
                                                             
    C:\ti\tirtos_tivac_2_16_00_08\products\bios_6_45_01_29\packages\ti\targets\arm\rtsarm\lib\ti.targets.arm.rtsarm.aem4f
       System.oem4f                 1255    0         0      
       Text.oem4f                   672     0         0      
       Error.oem4f                  524     0         0      
       Core-mem.oem4f               358     0         0      
       Startup.oem4f                328     0         0      
       SysMin.oem4f                 248     0         0      
       Core-smem.oem4f              204     0         0      
       Memory.oem4f                 176     0         0      
       Assert.oem4f                 84      0         0      
       Core-params.oem4f            70      0         0      
       Core-label.oem4f             52      0         0      
       Registry.oem4f               32      0         0      
       Gate.oem4f                   28      0         0      
    +--+----------------------------+-------+---------+---------+
       Total:                       4031    0         0      
                                                             
       Stack:                       0       0         768    
       Linker Generated:            0       523       0      
    +--+----------------------------+-------+---------+---------+
       Grand Total:                 20527   8965      6285   


LINKER GENERATED COPY TABLES

__TI_cinit_table @ 000073e8 records: 3, size/record: 8, table size: 24
	.data: load addr=000071f0, load size=000001d7 bytes, run addr=20001158, run size=00000436 bytes, compression=lzss
	.bss: load addr=000073d8, load size=00000008 bytes, run addr=20000360, run size=00000df8 bytes, compression=zero_init
	.vecs: load addr=000073e0, load size=00000008 bytes, run addr=20000000, run size=00000360 bytes, compression=zero_init


LINKER GENERATED HANDLER TABLE

__TI_handler_table @ 000073c8 records: 3, size/record: 4, table size: 12
	index: 0, handler: __TI_decompress_lzss
	index: 1, handler: __TI_decompress_none
	index: 2, handler: __TI_zero_init


GLOBAL SYMBOLS: SORTED ALPHABETICALLY BY Name 

address   name                                                                 
-------   ----                                                                 
00000bbd  C$$EXIT                                                              
00003ffb  C$$IO$$                                                              
0000509f  EK_TM4C1294XL_initGPIO                                               
00002285  EK_TM4C1294XL_initGeneral                                            
0000463d  EK_TM4C1294XL_initPWM                                                
000045e9  GPIODirModeSet                                                       
000050c1  GPIOIntClear                                                         
00004f59  GPIOIntStatus                                                        
00003651  GPIOIntTypeSet                                                       
00001401  GPIOPadConfigSet                                                     
00003ac5  GPIOPinConfigure                                                     
00004dd5  GPIOPinTypePWM                                                       
000050c7  GPIOPinWrite                                                         
00007020  GPIOTiva_config                                                      
00003115  GPIO_hwiIntFxn                                                       
00002a25  GPIO_init                                                            
000037a5  GPIO_setCallback                                                     
00001165  GPIO_setConfig                                                       
000037f5  GPIO_write                                                           
000035a1  HOSTwrite                                                            
00004d45  PWMClockSet                                                          
00004829  PWMGenConfigure                                                      
00004f97  PWMGenDisable                                                        
00004fa3  PWMGenEnable                                                         
00004de7  PWMGenPeriodGet                                                      
00004e55  PWMGenPeriodSet                                                      
00004df9  PWMOutputInvert                                                      
00004e0b  PWMOutputState                                                       
000049f9  PWMPulseWidthSet                                                     
00006ebe  PWMTiva_MAX_MATCH_VALUE                                              
00006ebc  PWMTiva_MAX_PRESCALAR                                                
00002fdd  PWMTiva_close                                                        
00002b3d  PWMTiva_control                                                      
00006ea0  PWMTiva_fxnTable                                                     
0000484b  PWMTiva_getPeriodCounts                                              
00004a17  PWMTiva_getPeriodMicroSecs                                           
00004295  PWMTiva_init                                                         
00000d35  PWMTiva_open                                                         
00001b35  PWMTiva_setDuty                                                      
00004e65  PWM_Params_init                                                      
00006fc0  PWM_config                                                           
00007058  PWM_defaultParams                                                    
00003f95  PWM_init                                                             
000042c5  PWM_open                                                             
00005081  PWM_setDuty                                                          
UNDEFED   SHT$$INIT_ARRAY$$Base                                                
UNDEFED   SHT$$INIT_ARRAY$$Limit                                               
00004d59  SysCtlPWMClockSet                                                    
000040e9  SysCtlPeripheralEnable                                               
00000000  __ASM__                                                              
20000ec0  __CIOBUF_                                                            
0000005c  __ISA__                                                              
0000006f  __PLAT__                                                             
20001890  __STACK_END                                                          
00000300  __STACK_SIZE                                                         
00000090  __TARG__                                                             
000073e8  __TI_CINIT_Base                                                      
00007400  __TI_CINIT_Limit                                                     
000073c8  __TI_Handler_Table_Base                                              
000073d4  __TI_Handler_Table_Limit                                             
0000254d  __TI_auto_init                                                       
00003047  __TI_decompress_lzss                                                 
00004f67  __TI_decompress_none                                                 
ffffffff  __TI_pprof_out_hndl                                                  
ffffffff  __TI_prof_data_size                                                  
ffffffff  __TI_prof_data_start                                                 
0000411d  __TI_readmsg                                                         
000071f0  __TI_static_base__                                                   
00003fcd  __TI_writemsg                                                        
00004fc9  __TI_zero_init                                                       
000000b6  __TRDR__                                                             
00002d47  __aeabi_idiv0                                                        
00002d47  __aeabi_ldiv0                                                        
00002ccd  __aeabi_memclr                                                       
00002ccd  __aeabi_memclr4                                                      
00002ccd  __aeabi_memclr8                                                      
0000268d  __aeabi_memcpy                                                       
0000268d  __aeabi_memcpy4                                                      
0000268d  __aeabi_memcpy8                                                      
00002ccf  __aeabi_memset                                                       
00002ccf  __aeabi_memset4                                                      
00002ccf  __aeabi_memset8                                                      
00003e19  __aeabi_uidiv                                                        
00003e19  __aeabi_uidivmod                                                     
ffffffff  __binit__                                                            
ffffffff  __c_args__                                                           
20001590  __stack                                                              
00004c25  _args_main                                                           
00003549  _c_int00                                                             
20001500  _lock                                                                
000027c3  _nop                                                                 
00004fb1  _register_lock                                                       
00004fbd  _register_unlock                                                     
20001504  _unlock                                                              
00000bbd  abort                                                                
ffffffff  binit                                                                
00003989  copy_in                                                              
20001508  gpioCallbackFunctions                                                
200014d8  gpioPinConfigs                                                       
00001d05  main                                                                 
20001574  main_func_sp                                                         
0000268d  memcpy                                                               
00002cd5  memset                                                               
00004ef9  osi_TaskDisable                                                      
00004e99  osi_start                                                            
20001140  parmbuf                                                              
000024a5  pwmLEDFxn                                                            
00007064  pwmTivaHWAttrs                                                       
20001148  pwmTivaObjects                                                       
00004d6d  strlen                                                               
20001154  task                                                                 
00007098  ti_catalog_arm_cortexm4_tiva_ce_Boot_A_mustNotUseEnhancedClockMode__C
0000709c  ti_catalog_arm_cortexm4_tiva_ce_Boot_Module__diagsEnabled__C         
000070a0  ti_catalog_arm_cortexm4_tiva_ce_Boot_Module__diagsIncluded__C        
000070a4  ti_catalog_arm_cortexm4_tiva_ce_Boot_Module__diagsMask__C            
0000698e  ti_catalog_arm_cortexm4_tiva_ce_Boot_Module__id__C                   
00004e45  ti_catalog_arm_cortexm4_tiva_ce_Boot_init__I                         
000007bd  ti_catalog_arm_cortexm4_tiva_ce_Boot_sysCtlClockFreqSetI__I          
000027c5  ti_catalog_arm_cortexm4_tiva_ce_Boot_sysCtlClockFreqSet__E           
20001430  ti_sysbios_BIOS_Module__state__V                                     
00004b89  ti_sysbios_BIOS_RtsGateProxy_Handle__label__S                        
0000476d  ti_sysbios_BIOS_RtsGateProxy_Object__delete__S                       
00000ea5  ti_sysbios_BIOS_RtsGateProxy_enter__E                                
0000100d  ti_sysbios_BIOS_RtsGateProxy_leave__E                                
00005111  ti_sysbios_BIOS_RtsGateProxy_query__E                                
000042f5  ti_sysbios_BIOS_atExitFunc__I                                        
000046dd  ti_sysbios_BIOS_errorRaiseHook__I                                    
00004d19  ti_sysbios_BIOS_exitFunc__I                                          
00004e79  ti_sysbios_BIOS_getCpuFreq__E                                        
00002e97  ti_sysbios_BIOS_nullFunc__I                                          
00004701  ti_sysbios_BIOS_registerRTSLock__I                                   
00004725  ti_sysbios_BIOS_removeRTSLock__I                                     
000048d5  ti_sysbios_BIOS_rtsLock__I                                           
00004c3d  ti_sysbios_BIOS_rtsUnlock__I                                         
00004e89  ti_sysbios_BIOS_setThreadType__E                                     
00004749  ti_sysbios_BIOS_startFunc__I                                         
00004e99  ti_sysbios_BIOS_start__E                                             
200012e8  ti_sysbios_family_arm_lm4_Timer_Module_State_0_device__A             
20001454  ti_sysbios_family_arm_lm4_Timer_Module_State_0_handles__A            
00004c55  ti_sysbios_family_arm_lm4_Timer_Module__startupDone__F               
00004c55  ti_sysbios_family_arm_lm4_Timer_Module__startupDone__S               
200014e8  ti_sysbios_family_arm_lm4_Timer_Module__state__V                     
00003179  ti_sysbios_family_arm_lm4_Timer_Module_startup__E                    
20001328  ti_sysbios_family_arm_lm4_Timer_Object__table__V                     
000070a8  ti_sysbios_family_arm_lm4_Timer_enableFunc__C                        
00003b11  ti_sysbios_family_arm_lm4_Timer_enableTimers__I                      
000023f9  ti_sysbios_family_arm_lm4_Timer_enableTiva__I                        
00004fd9  ti_sysbios_family_arm_lm4_Timer_getMaxTicks__E                       
000036a9  ti_sysbios_family_arm_lm4_Timer_initDevice__I                        
00003c79  ti_sysbios_family_arm_lm4_Timer_isrStub__E                           
000050a7  ti_sysbios_family_arm_lm4_Timer_masterDisable__I                     
000012b5  ti_sysbios_family_arm_lm4_Timer_masterEnable__I                      
000070ac  ti_sysbios_family_arm_lm4_Timer_numTimerDevices__C                   
00001649  ti_sysbios_family_arm_lm4_Timer_start__E                             
000070b0  ti_sysbios_family_arm_lm4_Timer_startupNeeded__C                     
00003e59  ti_sysbios_family_arm_lm4_Timer_startup__E                           
00004329  ti_sysbios_family_arm_lm4_Timer_stop__E                              
00004871  ti_sysbios_family_arm_lm4_Timer_write__I                             
000070b4  ti_sysbios_family_arm_m3_Hwi_E_NMI__C                                
000070b8  ti_sysbios_family_arm_m3_Hwi_E_alreadyDefined__C                     
000070bc  ti_sysbios_family_arm_m3_Hwi_E_busFault__C                           
000070c0  ti_sysbios_family_arm_m3_Hwi_E_debugMon__C                           
000070c4  ti_sysbios_family_arm_m3_Hwi_E_hardFault__C                          
000070c8  ti_sysbios_family_arm_m3_Hwi_E_memFault__C                           
000070cc  ti_sysbios_family_arm_m3_Hwi_E_noIsr__C                              
000070d0  ti_sysbios_family_arm_m3_Hwi_E_reserved__C                           
000070d4  ti_sysbios_family_arm_m3_Hwi_E_svCall__C                             
000070d8  ti_sysbios_family_arm_m3_Hwi_E_usageFault__C                         
00004b55  ti_sysbios_family_arm_m3_Hwi_Handle__label__S                        
00004151  ti_sysbios_family_arm_m3_Hwi_Instance_finalize__E                    
00002861  ti_sysbios_family_arm_m3_Hwi_Instance_init__E                        
2000156e  ti_sysbios_family_arm_m3_Hwi_Module_State_0_excActive__A             
20001578  ti_sysbios_family_arm_m3_Hwi_Module_State_0_excContext__A            
2000157c  ti_sysbios_family_arm_m3_Hwi_Module_State_0_excStack__A              
000071d0  ti_sysbios_family_arm_m3_Hwi_Module__id__C                           
20001510  ti_sysbios_family_arm_m3_Hwi_Module__root__V                         
00004c6d  ti_sysbios_family_arm_m3_Hwi_Module__startupDone__F                  
00004c6d  ti_sysbios_family_arm_m3_Hwi_Module__startupDone__S                  
200013a0  ti_sysbios_family_arm_m3_Hwi_Module__state__V                        
00003899  ti_sysbios_family_arm_m3_Hwi_Module_startup__E                       
000070dc  ti_sysbios_family_arm_m3_Hwi_NUM_INTERRUPTS__C                       
00006ec0  ti_sysbios_family_arm_m3_Hwi_Object__DESC__C                         
00006db8  ti_sysbios_family_arm_m3_Hwi_Object__PARAMS__C                       
000070e0  ti_sysbios_family_arm_m3_Hwi_Object__count__C                        
[...]
00004f29  xdc_runtime_System_SupportProxy_ready__E                             
00004f39  xdc_runtime_System_vsnprintf__E                                      
00004f49  xdc_runtime_Text_visitRope__I                                        
00004f59  GPIOIntStatus                                                        
00004f67  __TI_decompress_none                                                 
00004f79  ti_sysbios_knl_Idle_loop__E                                          
00004f89  ti_sysbios_knl_Queue_empty__E                                        
00004f97  PWMGenDisable                                                        
00004fa3  PWMGenEnable                                                         
00004fb1  _register_lock                                                       
00004fbd  _register_unlock                                                     
00004fc9  __TI_zero_init                                                       
00004fd9  ti_sysbios_family_arm_lm4_Timer_getMaxTicks__E                       
00004fe5  ti_sysbios_family_arm_m3_Hwi_Params__init__S                         
00004fe5  ti_sysbios_hal_Hwi_HwiProxy_Params__init__S                          
00004ff1  ti_sysbios_family_arm_m3_Hwi_disableFxn__E                           
00004ff1  ti_sysbios_hal_Hwi_HwiProxy_disable__E                               
00005001  ti_sysbios_family_arm_m3_TaskSupport_checkStack__E                   
00005001  ti_sysbios_knl_Task_SupportProxy_checkStack__E                       
00005011  ti_sysbios_family_arm_m3_TaskSupport_getStackAlignment__E            
00005011  ti_sysbios_knl_Task_SupportProxy_getStackAlignment__E                
00005021  ti_sysbios_gates_GateHwi_enter__E                                    
0000502d  ti_sysbios_knl_Queue_Object__get__S                                  
00005039  ti_sysbios_knl_Task_Params__init__S                                  
00005051  xdc_runtime_Error_init__E                                            
0000505d  xdc_runtime_Gate_enterSystem__E                                      
00005069  xdc_runtime_Memory_calloc__E                                         
00005075  xdc_runtime_Memory_getMaxDefaultTypeAlign__E                         
00005081  PWM_setDuty                                                          
0000508b  xdc_runtime_Memory_HeapProxy_alloc__E                                
00005095  xdc_runtime_Memory_HeapProxy_free__E                                 
0000509f  EK_TM4C1294XL_initGPIO                                               
000050a7  ti_sysbios_family_arm_lm4_Timer_masterDisable__I                     
000050b1  ti_sysbios_family_arm_m3_Hwi_doSwiRestore__I                         
000050b9  ti_sysbios_family_arm_m3_Hwi_startup__E                              
000050b9  ti_sysbios_hal_Hwi_HwiProxy_startup__E                               
000050b9  ti_sysbios_hal_Hwi_startup__E                                        
000050c1  GPIOIntClear                                                         
000050c7  GPIOPinWrite                                                         
000050d1  ti_sysbios_family_arm_m3_Hwi_doTaskRestore__I                        
000050d9  ti_sysbios_family_arm_m3_Hwi_restoreFxn__E                           
000050d9  ti_sysbios_hal_Hwi_HwiProxy_restore__E                               
000050e1  ti_sysbios_gates_GateHwi_leave__E                                    
000050e9  ti_sysbios_heaps_HeapMem_isBlocking__E                               
000050f1  ti_sysbios_knl_Queue_Instance_init__E                                
000050f9  ti_sysbios_knl_Swi_startup__E                                        
000050ff  xdc_runtime_System_Module_startup__E                                 
00005109  ti_sysbios_gates_GateHwi_query__E                                    
00005109  xdc_runtime_Main_Module_GateProxy_query__E                           
00005109  xdc_runtime_System_Module_GateProxy_query__E                         
00005111  ti_sysbios_BIOS_RtsGateProxy_query__E                                
00005111  ti_sysbios_gates_GateMutex_query__E                                  
00005111  ti_sysbios_heaps_HeapMem_Module_GateProxy_query__E                   
00005119  ti_sysbios_knl_Task_startup__E                                       
00005121  ti_sysbios_gates_GateHwi_Instance_init__E                            
00005129  ti_sysbios_knl_Clock_logTick__E                                      
0000512c  xdc_runtime_Text_charTab__A                                          
0000698d  xdc_runtime_Error_policy__C                                          
0000698e  ti_catalog_arm_cortexm4_tiva_ce_Boot_Module__id__C                   
00006ab0  xdc_runtime_Text_nodeTab__A                                          
00006d4c  ti_sysbios_knl_Task_Object__PARAMS__C                                
00006db8  ti_sysbios_family_arm_m3_Hwi_Object__PARAMS__C                       
00006de8  ti_sysbios_heaps_HeapMem_Module__FXNS__C                             
00006e10  ti_sysbios_gates_GateHwi_Module__FXNS__C                             
00006e34  ti_sysbios_gates_GateMutex_Module__FXNS__C                           
00006e58  ti_sysbios_heaps_HeapMem_Object__PARAMS__C                           
00006e7c  ti_sysbios_knl_Semaphore_Object__PARAMS__C                           
00006ea0  PWMTiva_fxnTable                                                     
00006ebc  PWMTiva_MAX_PRESCALAR                                                
00006ebe  PWMTiva_MAX_MATCH_VALUE                                              
00006ec0  ti_sysbios_family_arm_m3_Hwi_Object__DESC__C                         
00006ee0  ti_sysbios_gates_GateHwi_Object__DESC__C                             
00006f00  ti_sysbios_gates_GateMutex_Object__DESC__C                           
00006f20  ti_sysbios_heaps_HeapMem_Object__DESC__C                             
00006f40  ti_sysbios_knl_Queue_Object__DESC__C                                 
00006f60  ti_sysbios_knl_Semaphore_Object__DESC__C                             
00006f80  ti_sysbios_knl_Task_Object__DESC__C                                  
00006fa0  xdc_runtime_Startup_sfxnTab__A                                       
00006fc0  PWM_config                                                           
00006fd8  ti_sysbios_gates_GateHwi_Object__PARAMS__C                           
00006ff0  ti_sysbios_gates_GateMutex_Object__PARAMS__C                         
00007008  ti_sysbios_knl_Queue_Object__PARAMS__C                               
00007020  GPIOTiva_config                                                      
00007034  xdc_runtime_Startup_firstFxns__A                                     
00007048  xdc_runtime_Startup_sfxnRts__A                                       
00007058  PWM_defaultParams                                                    
00007064  pwmTivaHWAttrs                                                       
00007078  ti_sysbios_family_arm_m3_Hwi_excHookFuncs__A                         
00007080  ti_sysbios_knl_Idle_funcList__C                                      
00007088  xdc_runtime_Startup_firstFxns__C                                     
00007090  xdc_runtime_Startup_lastFxns__C                                      
00007098  ti_catalog_arm_cortexm4_tiva_ce_Boot_A_mustNotUseEnhancedClockMode__C
0000709c  ti_catalog_arm_cortexm4_tiva_ce_Boot_Module__diagsEnabled__C         
000070a0  ti_catalog_arm_cortexm4_tiva_ce_Boot_Module__diagsIncluded__C        
000070a4  ti_catalog_arm_cortexm4_tiva_ce_Boot_Module__diagsMask__C            
000070a8  ti_sysbios_family_arm_lm4_Timer_enableFunc__C                        
000070ac  ti_sysbios_family_arm_lm4_Timer_numTimerDevices__C                   
000070b0  ti_sysbios_family_arm_lm4_Timer_startupNeeded__C                     
000070b4  ti_sysbios_family_arm_m3_Hwi_E_NMI__C                                
000070b8  ti_sysbios_family_arm_m3_Hwi_E_alreadyDefined__C                     
000070bc  ti_sysbios_family_arm_m3_Hwi_E_busFault__C                           
000070c0  ti_sysbios_family_arm_m3_Hwi_E_debugMon__C                           
000070c4  ti_sysbios_family_arm_m3_Hwi_E_hardFault__C                          
000070c8  ti_sysbios_family_arm_m3_Hwi_E_memFault__C                           
000070cc  ti_sysbios_family_arm_m3_Hwi_E_noIsr__C                              
000070d0  ti_sysbios_family_arm_m3_Hwi_E_reserved__C                           
000070d4  ti_sysbios_family_arm_m3_Hwi_E_svCall__C                             
000070d8  ti_sysbios_family_arm_m3_Hwi_E_usageFault__C                         
000070dc  ti_sysbios_family_arm_m3_Hwi_NUM_INTERRUPTS__C                       
000070e0  ti_sysbios_family_arm_m3_Hwi_Object__count__C                        
000070e4  ti_sysbios_family_arm_m3_Hwi_ccr__C                                  
000070e8  ti_sysbios_family_arm_m3_Hwi_excHandlerFunc__C                       
000070ec  ti_sysbios_family_arm_m3_Hwi_excHookFuncs__C                         
000070f0  ti_sysbios_family_arm_m3_Hwi_nullIsrFunc__C                          
000070f4  ti_sysbios_family_arm_m3_Hwi_priGroup__C                             
000070f8  ti_sysbios_family_arm_m3_TaskSupport_stackAlignment__C               
000070fc  ti_sysbios_gates_GateMutex_Instance_State_sem__O                     
00007100  ti_sysbios_hal_Hwi_E_stackOverflow__C                                
00007104  ti_sysbios_heaps_HeapMem_E_memory__C                                 
00007108  ti_sysbios_heaps_HeapMem_Module__gateObj__C                          
0000710c  ti_sysbios_heaps_HeapMem_Object__count__C                            
00007110  ti_sysbios_heaps_HeapMem_reqAlign__C                                 
00007114  ti_sysbios_knl_Clock_Module_State_clockQ__O                          
00007118  ti_sysbios_knl_Idle_funcList__A                                      
0000711c  ti_sysbios_knl_Semaphore_Instance_State_pendQ__O                     
00007120  ti_sysbios_knl_Swi_Object__count__C                                  
00007124  ti_sysbios_knl_Task_E_spOutOfBounds__C                               
00007128  ti_sysbios_knl_Task_E_stackOverflow__C                               
0000712c  ti_sysbios_knl_Task_Module_State_inactiveQ__O                        
00007130  ti_sysbios_knl_Task_Object__count__C                                 
00007134  ti_sysbios_knl_Task_allBlockedFunc__C                                
00007138  ti_sysbios_knl_Task_defaultStackHeap__C                              
0000713c  ti_sysbios_knl_Task_defaultStackSize__C                              
00007140  ti_sysbios_knl_Task_numConstructedTasks__C                           
00007144  xdc_runtime_Assert_E_assertFailed__C                                 
00007148  xdc_runtime_Core_A_initializedParams__C                              
0000714c  xdc_runtime_Core_Module__diagsEnabled__C                             
00007150  xdc_runtime_Core_Module__diagsIncluded__C                            
00007154  xdc_runtime_Core_Module__diagsMask__C                                
00007158  xdc_runtime_Error_E_memory__C                                        
0000715c  xdc_runtime_Error_Module__diagsEnabled__C                            
00007160  xdc_runtime_Error_Module__diagsIncluded__C                           
00007164  xdc_runtime_Error_Module__diagsMask__C                               
00007168  xdc_runtime_Error_Module__loggerFxn8__C                              
0000716c  xdc_runtime_Error_Module__loggerObj__C                               
00007170  xdc_runtime_Error_policyFxn__C                                       
00007174  xdc_runtime_Error_raiseHook__C                                       
00007178  xdc_runtime_IGateProvider_Interface__BASE__C                         
0000717c  xdc_runtime_IHeap_Interface__BASE__C                                 
00007180  xdc_runtime_IModule_Interface__BASE__C                               
00007184  xdc_runtime_Log_L_error__C                                           
00007188  xdc_runtime_Memory_defaultHeapInstance__C                            
0000718c  xdc_runtime_Startup_execImpl__C                                      
00007190  xdc_runtime_Startup_maxPasses__C                                     
00007194  xdc_runtime_Startup_sfxnRts__C                                       
00007198  xdc_runtime_Startup_sfxnTab__C                                       
0000719c  xdc_runtime_SysMin_bufSize__C                                        
000071a0  xdc_runtime_SysMin_outputFunc__C                                     
000071a4  xdc_runtime_System_Module__gateObj__C                                
000071a8  xdc_runtime_System_abortFxn__C                                       
000071ac  xdc_runtime_System_exitFxn__C                                        
000071b0  xdc_runtime_System_extendFxn__C                                      
000071b4  xdc_runtime_System_maxAtexitHandlers__C                              
000071b8  xdc_runtime_Text_charTab__C                                          
000071bc  xdc_runtime_Text_nameEmpty__C                                        
000071c0  xdc_runtime_Text_nameStatic__C                                       
000071c4  xdc_runtime_Text_nameUnknown__C                                      
000071c8  xdc_runtime_Text_nodeTab__C                                          
000071cc  xdc_runtime_Text_visitRopeFxn__C                                     
000071d0  ti_sysbios_family_arm_m3_Hwi_Module__id__C                           
000071d2  ti_sysbios_hal_Hwi_Module__id__C                                     
000071d4  ti_sysbios_heaps_HeapMem_Module__id__C                               
000071d6  ti_sysbios_knl_Task_Module__id__C                                    
000071d8  xdc_runtime_Core_Module__id__C                                       
000071da  xdc_runtime_Error_Module__loggerDefined__C                           
000071dc  xdc_runtime_Error_maxDepth__C                                        
000071de  xdc_runtime_Memory_Module__id__C                                     
000071e0  xdc_runtime_SysMin_flushAtExit__C                                    
000071e2  xdc_runtime_Text_charCnt__C                                          
000071e4  xdc_runtime_Text_isLoaded__C                                         
000071e6  xdc_runtime_Text_registryModsLastId__C                               
000071e8  xdc_runtime_Text_unnamedModsLastId__C                                
000071f0  __TI_static_base__                                                   
000073c8  __TI_Handler_Table_Base                                              
000073d4  __TI_Handler_Table_Limit                                             
000073e8  __TI_CINIT_Base                                                      
00007400  __TI_CINIT_Limit                                                     
20000000  ti_sysbios_family_arm_m3_Hwi_ramVectors                              
20000360  ti_sysbios_heaps_HeapMem_Instance_State_0_buf__A                     
20000760  ti_sysbios_family_arm_m3_Hwi_dispatchTable                           
20000ac0  ti_sysbios_knl_Task_Instance_State_0_stack__A                        
20000cc0  tsk0Stack                                                            
20000ec0  __CIOBUF_                                                            
20001070  xdc_runtime_SysMin_Module_State_0_outbuf__A                          
200010f0  tsk0Struct                                                           
20001140  parmbuf                                                              
20001148  pwmTivaObjects                                                       
20001154  task                                                                 
20001158  ti_sysbios_knl_Swi_Module_State_0_readyQ__A                          
200011d8  ti_sysbios_knl_Task_Module_State_0_readyQ__A                         
20001258  ti_sysbios_knl_Task_Object__table__V                                 
200012a4  ti_sysbios_knl_Task_Module__state__V                                 
200012e8  ti_sysbios_family_arm_lm4_Timer_Module_State_0_device__A             
20001328  ti_sysbios_family_arm_lm4_Timer_Object__table__V                     
20001368  ti_sysbios_gates_GateMutex_Object__table__V                          
200013a0  ti_sysbios_family_arm_m3_Hwi_Module__state__V                        
200013d4  ti_sysbios_knl_Swi_Object__table__V                                  
20001404  ti_sysbios_knl_Clock_Module__state__V                                
20001430  ti_sysbios_BIOS_Module__state__V                                     
20001454  ti_sysbios_family_arm_lm4_Timer_Module_State_0_handles__A            
20001474  ti_sysbios_knl_Swi_Module__state__V                                  
200014a8  ti_sysbios_family_arm_m3_Hwi_Object__table__V                        
200014c0  ti_sysbios_heaps_HeapMem_Object__table__V                            
200014d8  gpioPinConfigs                                                       
200014e8  ti_sysbios_family_arm_lm4_Timer_Module__state__V                     
200014f4  xdc_runtime_SysMin_Module__state__V                                  
20001500  _lock                                                                
20001504  _unlock                                                              
20001508  gpioCallbackFunctions                                                
20001510  ti_sysbios_family_arm_m3_Hwi_Module__root__V                         
20001518  ti_sysbios_gates_GateHwi_Module__root__V                             
20001520  ti_sysbios_gates_GateMutex_Module__root__V                           
20001528  ti_sysbios_heaps_HeapMem_Module__root__V                             
20001530  ti_sysbios_knl_Queue_Module__root__V                                 
20001538  ti_sysbios_knl_Semaphore_Module__root__V                             
20001540  ti_sysbios_knl_Task_Module__root__V                                  
20001548  xdc_runtime_Registry_Module__state__V                                
20001550  xdc_runtime_Startup_Module__state__V                                 
20001558  xdc_runtime_System_Module_State_0_atexitHandlers__A                  
20001560  xdc_runtime_System_Module__state__V                                  
2000156e  ti_sysbios_family_arm_m3_Hwi_Module_State_0_excActive__A             
20001574  main_func_sp                                                         
20001578  ti_sysbios_family_arm_m3_Hwi_Module_State_0_excContext__A            
2000157c  ti_sysbios_family_arm_m3_Hwi_Module_State_0_excStack__A              
20001580  ti_sysbios_gates_GateHwi_Object__table__V                            
20001584  ti_sysbios_knl_Task_Module_State_0_idleTask__A                       
20001588  xdc_runtime_Memory_Module__state__V                                  
2000158c  xdc_runtime_Error_Module__state__V                                   
20001590  __stack                                                              
20001890  __STACK_END                                                          
e000e000  ti_sysbios_family_arm_m3_Hwi_nvic                                    
ffffffff  __TI_pprof_out_hndl                                                  
ffffffff  __TI_prof_data_size                                                  
ffffffff  __TI_prof_data_start                                                 
ffffffff  __binit__                                                            
ffffffff  __c_args__                                                           
ffffffff  binit                                                                
UNDEFED   SHT$$INIT_ARRAY$$Base                                                
UNDEFED   SHT$$INIT_ARRAY$$Limit                                               

[544 symbols]
